2026-07-20 01:13:32,156 INFO Starting evolution run | run_dir=D:\_Project\Agent\search_harness\runs\experiments\evolution\closed_loop_20260720, experience_examples=20, latest_version=harness_v0001
2026-07-20 01:13:32,174 INFO [Iteration 1/1] Using parent harness_v0001
2026-07-20 01:13:32,175 INFO [Iteration 1/1] Evaluating incumbent harness_v0001
2026-07-20 01:17:15,459 INFO [Iteration 1/1] Incumbent evaluation completed | elapsed=223.3s, accuracy=0.8000, report=D:\_Project\Agent\search_harness\runs\experiments\evolution\closed_loop_20260720\iterations\0001\incumbent_report
2026-07-20 01:17:15,459 INFO [Iteration 1/1] Running failure-analysis Critic
2026-07-20 01:18:58,514 INFO [Iteration 1/1] Failure-analysis Critic completed | elapsed=103.1s, problem_directions=2, evidence_requests=2, log=D:\_Project\Agent\search_harness\runs\experiments\evolution\closed_loop_20260720\iterations\0001\failure_critic.json
2026-07-20 01:18:58,514 INFO [Iteration 1/1] Validating Critic problem direction with Intervention
2026-07-20 01:23:14,433 INFO [Iteration 1/1] Coordinator intervention completed | elapsed=255.9s, verdict=supported, selected_trial=trial_001, log=D:\_Project\Agent\search_harness\runs\experiments\evolution\closed_loop_20260720\iterations\0001\intervention\coordinator\20260719T172314356453Z\coordinator.json
2026-07-20 01:23:14,434 INFO [Iteration 1/1] Running Compiler
2026-07-20 01:26:53,924 INFO [Iteration 1/1] Compiler candidate prepared | elapsed=219.5s, candidate=iteration_20260719T172315205306Z_2591cc6c, validation=passed, changed_files=3, log=D:\_Project\Agent\search_harness\runs\experiments\evolution\closed_loop_20260720\iterations\0001\compiler.json
2026-07-20 01:26:53,924 INFO [Iteration 1/1] Evaluating candidate
2026-07-20 01:28:24,302 INFO Evolution run failed | error=KeyError: 'duplicate_queries'
2026-07-20 01:34:20,963 INFO Resuming evolution run | run_dir=D:\_Project\Agent\search_harness\runs\experiments\evolution\closed_loop_20260720, experience_examples=20, latest_version=harness_v0001
2026-07-20 01:34:20,976 INFO [Iteration 1/1] Using parent harness_v0001
2026-07-20 01:34:20,976 INFO [Iteration 1/1] Reusing incumbent evaluation
2026-07-20 01:34:20,977 INFO [Iteration 1/1] Reusing failure-analysis Critic result
2026-07-20 01:34:20,978 INFO [Iteration 1/1] Reusing Coordinator intervention evidence
2026-07-20 01:34:21,356 INFO [Iteration 1/1] Reusing Compiler candidate
2026-07-20 01:34:21,357 INFO [Iteration 1/1] Evaluating candidate
2026-07-20 01:35:43,520 INFO [Iteration 1/1] Candidate evaluation completed | elapsed=82.2s, accuracy=0.0000, report=D:\_Project\Agent\search_harness\runs\experiments\evolution\closed_loop_20260720\iterations\0001\candidate_report
2026-07-20 01:35:43,521 INFO [Iteration 1/1] Running candidate-review Critic
2026-07-20 01:36:20,406 INFO [Iteration 1/1] Candidate review completed | elapsed=36.9s, decision=reject, accuracy_delta=-0.8000, log=D:\_Project\Agent\search_harness\runs\experiments\evolution\closed_loop_20260720\iterations\0001\candidate_review.json
2026-07-20 01:36:20,767 INFO [Iteration 1/1] Rejected candidate | reason=The candidate introduces a critical runtime bug: the result_summary_prompt Hook's _handle_post_tool method crashes with KeyError on stage.model_input in 19/20 cases because this state key is not guaranteed to be available during the POST_TOOL phase. This causes a catastrophic accuracy regression from 80% (16/20) to 0% (0/20). The single completed run also regressed in behavior (model answered without searching). No improvements exist to offset this regression, and the lower token cost is entirely an artifact of early crashes.
2026-07-20 01:36:20,770 INFO Evolution run completed | status=completed, iterations=1, accepted=0, latest_version=harness_v0001, reason=maximum iteration count reached
